###############################################################################
#
# IAR ELF Linker V2.20.1.176 for STM8                     08/May/2017  14:37:22
# Copyright 2010-2015 IAR Systems AB.
#
#    Output file  =  
#        D:\doingPrj\toothbrush\sorftware\toothbrush\Debug\Exe\t.out
#    Map file     =  
#        D:\doingPrj\toothbrush\sorftware\toothbrush\Debug\List\t.map
#    Command line =  
#        D:\doingPrj\toothbrush\sorftware\toothbrush\Debug\Obj\adc.o
#        D:\doingPrj\toothbrush\sorftware\toothbrush\Debug\Obj\eeprom.o
#        D:\doingPrj\toothbrush\sorftware\toothbrush\Debug\Obj\halt.o
#        D:\doingPrj\toothbrush\sorftware\toothbrush\Debug\Obj\key.o
#        D:\doingPrj\toothbrush\sorftware\toothbrush\Debug\Obj\main.o
#        D:\doingPrj\toothbrush\sorftware\toothbrush\Debug\Obj\stm8s_adc1.o
#        D:\doingPrj\toothbrush\sorftware\toothbrush\Debug\Obj\stm8s_clk.o
#        D:\doingPrj\toothbrush\sorftware\toothbrush\Debug\Obj\stm8s_exti.o
#        D:\doingPrj\toothbrush\sorftware\toothbrush\Debug\Obj\stm8s_flash.o
#        D:\doingPrj\toothbrush\sorftware\toothbrush\Debug\Obj\stm8s_gpio.o
#        D:\doingPrj\toothbrush\sorftware\toothbrush\Debug\Obj\stm8s_it.o
#        D:\doingPrj\toothbrush\sorftware\toothbrush\Debug\Obj\stm8s_tim1.o
#        D:\doingPrj\toothbrush\sorftware\toothbrush\Debug\Obj\stm8s_tim2.o
#        D:\doingPrj\toothbrush\sorftware\toothbrush\Debug\Obj\tim1.o
#        D:\doingPrj\toothbrush\sorftware\toothbrush\Debug\Obj\tim2.o
#        --redirect _Printf=_PrintfSmall --redirect _Scanf=_ScanfSmall -f
#        "D:\Program Files\IAR Systems\Embedded Workbench
#        7.3\stm8\config\math_small.xcl" (--redirect cos=__iar_cos_small
#        --redirect cosf=__iar_cos_smallf --redirect cosl=__iar_cos_smalll
#        --redirect exp=__iar_exp_small --redirect expf=__iar_exp_smallf
#        --redirect expl=__iar_exp_smalll --redirect log10=__iar_log10_small
#        --redirect log10f=__iar_log10_smallf --redirect
#        log10l=__iar_log10_smalll --redirect log2=__iar_log2_small --redirect
#        log2f=__iar_log2_smallf --redirect log2l=__iar_log2_smalll --redirect
#        log=__iar_log_small --redirect logf=__iar_log_smallf --redirect
#        logl=__iar_log_smalll --redirect pow=__iar_pow_small --redirect
#        powf=__iar_pow_smallf --redirect powl=__iar_pow_smalll --redirect
#        sin=__iar_sin_small --redirect sinf=__iar_sin_smallf --redirect
#        sinl=__iar_sin_smalll --redirect tan=__iar_tan_small --redirect
#        tanf=__iar_tan_smallf --redirect tanl=__iar_tan_smalll --redirect
#        __iar_Sin=__iar_Sin_small --redirect __iar_Log=__iar_Log_small) -o
#        D:\doingPrj\toothbrush\sorftware\toothbrush\Debug\Exe\t.out --map
#        D:\doingPrj\toothbrush\sorftware\toothbrush\Debug\List\t.map --config
#        "D:\Program Files\IAR Systems\Embedded Workbench
#        7.3\stm8\config\lnkstm8s103f3.icf" --config_def _CSTACK_SIZE=0x100
#        --config_def _HEAP_SIZE=0x100 --entry __iar_program_start --debug_lib
#
###############################################################################

*******************************************************************************
*** RUNTIME MODEL ATTRIBUTES
***

__SystemLibrary            = DLib
__code_model               = medium_or_large
__core                     = stm8
__data_model               = medium
__dlib_file_descriptor     = 0
__dlib_full_locale_support = 0
__rt_version               = 4


*******************************************************************************
*** PLACEMENT SUMMARY
***

"A1":  place at start of [0x000000-0x0000ff] { rw section .vregs };
"A2":  place at end of [0x000000-0x0003ff] { block CSTACK };
"P2":  place in [from 0x000000 to 0x0003ff] {
          block HEAP, rw section __DLIB_PERTHREAD, rw section .far.bss,
          rw section .far.data, rw section .far.noinit,
          rw section .far_func.textrw, rw section .huge.bss,
          rw section .huge.data, rw section .huge.noinit,
          rw section .huge_func.textrw, rw section .iar.dynexit,
          rw section .near.bss, rw section .near.data, rw section .near.noinit,
          rw section .near_func.textrw };
"A3":  place at start of [0x008000-0x009fff] { block INTVEC };
"P3":  place in [from 0x008000 to 0x009fff] {
          ro section __DLIB_PERTHREAD_init, ro section .far.data_init,
          ro section .far_func.textrw_init, ro section .huge.data_init,
          ro section .huge_func.textrw_init, ro section .iar.init_table,
          ro section .init_array, ro section .near.data_init,
          ro section .near.rodata, ro section .near_func.text,
          ro section .near_func.textrw_init, ro section .tiny.data_init,
          ro section .tiny.rodata_init };
"P4":  place in [from 0x008000 to 0x009fff] {
          ro section .far.rodata, ro section .far_func.text };

  Section          Kind      Address    Size  Object
  -------          ----      -------    ----  ------
"A1":                                   0x10
  .vregs           uninit   0x000000    0x10  vregs.o [4]
                          - 0x000010    0x10

"P2":                                   0x28
  .near.bss        zero     0x000010     0x2  main.o [1]
  .near.bss        zero     0x000012     0x2  main.o [1]
  .near.bss        zero     0x000014     0x2  stm8s_it.o [1]
  .near.bss        zero     0x000016     0x2  stm8s_it.o [1]
  .near.bss        zero     0x000018     0x2  stm8s_it.o [1]
  .near.bss        zero     0x00001a     0x2  stm8s_it.o [1]
  .near.bss        zero     0x00001c     0x2  stm8s_it.o [1]
  .near.bss        zero     0x00001e     0x2  stm8s_it.o [1]
  .near.bss        zero     0x000020     0x2  tim1.o [1]
  .near.bss        zero     0x000022     0x2  tim1.o [1]
  .near.bss        zero     0x000024     0x2  tim2.o [1]
  .near.bss        zero     0x000026     0x1  key.o [1]
  .near.bss        zero     0x000027     0x1  main.o [1]
  .near.bss        zero     0x000028     0x1  main.o [1]
  .near.bss        zero     0x000029     0x1  main.o [1]
  .near.bss        zero     0x00002a     0x1  main.o [1]
  .near.bss        zero     0x00002b     0x1  main.o [1]
  .near.bss        zero     0x00002c     0x1  main.o [1]
  .near.bss        zero     0x00002d     0x1  main.o [1]
  .near.bss        zero     0x00002e     0x1  main.o [1]
  .near.bss        zero     0x00002f     0x1  main.o [1]
  .near.bss        zero     0x000030     0x1  stm8s_it.o [1]
  .near.bss        zero     0x000031     0x1  stm8s_it.o [1]
  .near.bss        zero     0x000032     0x1  stm8s_it.o [1]
  .near.bss        zero     0x000033     0x1  stm8s_it.o [1]
  .near.bss        zero     0x000034     0x1  stm8s_it.o [1]
  .near.bss        zero     0x000035     0x1  stm8s_it.o [1]
  .near.bss        zero     0x000036     0x1  stm8s_it.o [1]
  .near.bss        zero     0x000037     0x1  stm8s_it.o [1]
                          - 0x000038    0x28

"A2":                                  0x100
  CSTACK                    0x000300   0x100  <Block>
    CSTACK         uninit   0x000300   0x100  <Block tail>
                          - 0x000400   0x100

"A3":                                   0x80
  INTVEC                    0x008000    0x80  <Block>
    .intvec        const    0x008000    0x80  interrupt.o [4]
                          - 0x008080    0x80

"P3":                                  0x255
  .near.rodata     const    0x008080    0x55  stm8s_flash.o [1]
  .near.rodata     const    0x0080d5    0x54  stm8s_adc1.o [1]
  .near.rodata     const    0x008129    0x54  stm8s_exti.o [1]
  .near.rodata     const    0x00817d    0x54  stm8s_gpio.o [1]
  .near.rodata     const    0x0081d1    0x54  stm8s_tim1.o [1]
  .near.rodata     const    0x008225    0x54  stm8s_tim2.o [1]
  .near.rodata     const    0x008279    0x53  stm8s_clk.o [1]
  .iar.init_table  const    0x0082cc     0x9  - Linker created -
                          - 0x0082d5   0x255

"P4":                                 0x1856
  .far_func.text   ro code  0x0082d5   0x20e  stm8s_it.o [1]
  .far_func.text   ro code  0x0084e3   0x1a9  stm8s_adc1.o [1]
  .far_func.text   ro code  0x00868c   0x17e  main.o [1]
  .far_func.text   ro code  0x00880a   0x119  stm8s_gpio.o [1]
  .far_func.text   ro code  0x008923   0x109  stm8s_adc1.o [1]
  .far_func.text   ro code  0x008a2c    0xe9  stm8s_clk.o [1]
  .far_func.text   ro code  0x008b15    0xe3  halt.o [1]
  .far_func.text   ro code  0x008bf8    0xdb  stm8s_exti.o [1]
  .far_func.text   ro code  0x008cd3    0xd9  vreg_util.o [4]
  .far_func.text   ro code  0x008dac    0xc6  long.o [4]
  .far_func.text   ro code  0x008e72    0xc3  stm8s_adc1.o [1]
  .far_func.text   ro code  0x008f35    0xa2  stm8s_it.o [1]
  .far_func.text   ro code  0x008fd7    0x9d  stm8s_tim2.o [1]
  .far_func.text   ro code  0x009074    0x99  stm8s_tim1.o [1]
  .far_func.text   ro code  0x00910d    0x64  stm8s_flash.o [1]
  .far_func.text   ro code  0x009171    0x64  stm8s_tim1.o [1]
  .far_func.text   ro code  0x0091d5    0x5d  stm8s_adc1.o [1]
  .far_func.text   ro code  0x009232    0x5d  stm8s_it.o [1]
  .far_func.text   ro code  0x00928f    0x5c  main.o [1]
  .far_func.text   ro code  0x0092eb    0x5b  adc.o [1]
  .far_func.text   ro code  0x009346    0x5a  stm8s_flash.o [1]
  .far_func.text   ro code  0x0093a0    0x59  stm8s_tim2.o [1]
  .far_func.text   ro code  0x0093f9    0x59  stm8s_tim2.o [1]
  .far_func.text   ro code  0x009452    0x58  dc_util.o [4]
  .far_func.text   ro code  0x0094aa    0x56  stm8s_adc1.o [1]
  .far_func.text   ro code  0x009500    0x54  stm8s_adc1.o [1]
  .far_func.text   ro code  0x009554    0x53  stm8s_tim1.o [1]
  .far_func.text   ro code  0x0095a7    0x45  stm8s_flash.o [1]
  .far_func.text   ro code  0x0095ec    0x3e  stm8s_clk.o [1]
  .far_func.text   ro code  0x00962a    0x3c  stm8s_flash.o [1]
  .far_func.text   ro code  0x009666    0x3a  eeprom.o [1]
  .far_func.text   ro code  0x0096a0    0x38  key.o [1]
  .far_func.text   ro code  0x0096d8    0x37  stm8s_flash.o [1]
  .far_func.text   ro code  0x00970f    0x36  stm8s_clk.o [1]
  .far_func.text   ro code  0x009745    0x31  stm8s_adc1.o [1]
  .far_func.text   ro code  0x009776    0x30  stm8s_adc1.o [1]
  .far_func.text   ro code  0x0097a6    0x30  stm8s_clk.o [1]
  .far_func.text   ro code  0x0097d6    0x30  stm8s_tim1.o [1]
  .far_func.text   ro code  0x009806    0x30  stm8s_tim1.o [1]
  .far_func.text   ro code  0x009836    0x30  stm8s_tim1.o [1]
  .far_func.text   ro code  0x009866    0x30  stm8s_tim2.o [1]
  .far_func.text   ro code  0x009896    0x30  stm8s_tim2.o [1]
  .far_func.text   ro code  0x0098c6    0x2c  halt.o [1]
  .far_func.text   ro code  0x0098f2    0x2c  stm8s_flash.o [1]
  .far_func.text   ro code  0x00991e    0x2c  tim1.o [1]
  .far_func.text   ro code  0x00994a    0x2a  main.o [1]
  .far_func.text   ro code  0x009974    0x29  stm8s_tim2.o [1]
  .far_func.text   ro code  0x00999d    0x29  tim2.o [1]
  .far_func.text   ro code  0x0099c6    0x27  adc.o [1]
  .far_func.text   ro code  0x0099ed    0x23  stm8s_tim1.o [1]
  .far_func.text   ro code  0x009a10    0x1e  init.o [4]
  .far_func.text   ro code  0x009a2e    0x1e  init_small.o [4]
  .far_func.text   ro code  0x009a4c    0x1b  stm8s_gpio.o [1]
  .far_func.text   ro code  0x009a67    0x17  cstartup.o [4]
  .far_func.text   ro code  0x009a7e    0x16  __dbg_xxexit.o [3]
  .far_func.text   ro code  0x009a94     0xf  tim2.o [1]
  .far_func.text   ro code  0x009aa3     0xf  short.o [4]
  .far_func.text   ro code  0x009ab2     0xe  tim2.o [1]
  .far_func.text   ro code  0x009ac0     0xe  far_util.o [4]
  .far_func.text   ro code  0x009ace     0xc  stm8s_tim2.o [1]
  .far_func.text   ro code  0x009ada     0x9  stm8s_tim1.o [1]
  .far_func.text   ro code  0x009ae3     0x7  stm8s_gpio.o [1]
  .far_func.text   ro code  0x009aea     0x6  char.o [4]
  .far_func.text   ro code  0x009af0     0x6  cexit.o [4]
  .far_func.text   ro code  0x009af6     0x5  stm8s_adc1.o [1]
  .far_func.text   ro code  0x009afb     0x5  stm8s_clk.o [1]
  .far_func.text   ro code  0x009b00     0x5  stm8s_gpio.o [1]
  .far_func.text   ro code  0x009b05     0x4  stm8s_gpio.o [1]
  .far_func.text   ro code  0x009b09     0x4  interrupt.o [4]
  .far_func.text   ro code  0x009b0d     0x4  exit.o [4]
  .far_func.text   ro code  0x009b11     0x3  low_level_init.o [4]
  .far_func.text   ro code  0x009b14     0x3  unhandled_exception.o [4]
  .far_func.text   ro code  0x009b17     0x2  main.o [1]
  .far_func.text   ro code  0x009b19     0x1  stm8s_it.o [1]
  .far_func.text   ro code  0x009b1a     0x1  stm8s_it.o [1]
  .far_func.text   ro code  0x009b1b     0x1  stm8s_it.o [1]
  .far_func.text   ro code  0x009b1c     0x1  stm8s_it.o [1]
  .far_func.text   ro code  0x009b1d     0x1  stm8s_it.o [1]
  .far_func.text   ro code  0x009b1e     0x1  stm8s_it.o [1]
  .far_func.text   ro code  0x009b1f     0x1  stm8s_it.o [1]
  .far_func.text   ro code  0x009b20     0x1  stm8s_it.o [1]
  .far_func.text   ro code  0x009b21     0x1  stm8s_it.o [1]
  .far_func.text   ro code  0x009b22     0x1  stm8s_it.o [1]
  .far_func.text   ro code  0x009b23     0x1  stm8s_it.o [1]
  .far_func.text   ro code  0x009b24     0x1  stm8s_it.o [1]
  .far_func.text   ro code  0x009b25     0x1  stm8s_it.o [1]
  .far_func.text   ro code  0x009b26     0x1  stm8s_it.o [1]
  .far_func.text   ro code  0x009b27     0x1  stm8s_it.o [1]
  .far_func.text   ro code  0x009b28     0x1  stm8s_it.o [1]
  .far_func.text   ro code  0x009b29     0x1  stm8s_it.o [1]
  .far_func.text   ro code  0x009b2a     0x1  __dbg_break.o [3]
                          - 0x009b2b  0x1856


*******************************************************************************
*** INIT TABLE
***

          Address   Size
          -------   ----
Zero (__iar_zero_init2)
    1 destination range, total size 0x28:
          0x000010  0x28



*******************************************************************************
*** MODULE SUMMARY
***

    Module                 ro code  ro data  rw data
    ------                 -------  -------  -------
D:\doingPrj\toothbrush\sorftware\toothbrush\Debug\Obj: [1]
    adc.o                      130
    eeprom.o                    58
    halt.o                     271
    key.o                       56                 1
    main.o                     518                13
    stm8s_adc1.o             1 250       84
    stm8s_clk.o                402       83
    stm8s_exti.o               219       84
    stm8s_flash.o              418       85
    stm8s_gpio.o               324       84
    stm8s_it.o                 798                20
    stm8s_tim1.o               524       84
    stm8s_tim2.o               484       84
    tim1.o                      44                 4
    tim2.o                      70                 2
    ------------------------------------------------
    Total:                   5 566      588       40

command line: [2]
    ------------------------------------------------
    Total:

dbgstm8mmd.a: [3]
    __dbg_break.o                1
    __dbg_xxexit.o              22
    ------------------------------------------------
    Total:                      23

dlstm8mmn.a: [4]
    cexit.o                      6
    char.o                       6
    cstartup.o                  23
    dc_util.o                   88
    exit.o                       4
    far_util.o                  14
    init.o                      30
    init_small.o                30
    interrupt.o                  4      128
    long.o                     198
    low_level_init.o             3
    short.o                     15
    unhandled_exception.o        3
    vreg_util.o                217
    vregs.o                                       16
    ------------------------------------------------
    Total:                     641      128       16

    Linker created                        9      256
----------------------------------------------------
    Grand Total:             6 230      725      312


*******************************************************************************
*** ENTRY LIST
***

Entry                    Address   Size  Type      Object
-----                    -------   ----  ----      ------
.iar.init_table$$Base   0x0082cc          --   Gb  - Linker created -
.iar.init_table$$Limit  0x0082d5          --   Gb  - Linker created -
?add32_l0_l0_0x         0x008dc8         Code  Gb  long.o [4]
?add32_l0_l0_l1         0x008dc5         Code  Gb  long.o [4]
?b0                     0x000000         Data  Gb  vregs.o [4]
?b1                     0x000001         Data  Gb  vregs.o [4]
?b10                    0x00000a         Data  Gb  vregs.o [4]
?b11                    0x00000b         Data  Gb  vregs.o [4]
?b12                    0x00000c         Data  Gb  vregs.o [4]
?b13                    0x00000d         Data  Gb  vregs.o [4]
?b14                    0x00000e         Data  Gb  vregs.o [4]
?b15                    0x00000f         Data  Gb  vregs.o [4]
?b2                     0x000002         Data  Gb  vregs.o [4]
?b3                     0x000003         Data  Gb  vregs.o [4]
?b4                     0x000004         Data  Gb  vregs.o [4]
?b5                     0x000005         Data  Gb  vregs.o [4]
?b6                     0x000006         Data  Gb  vregs.o [4]
?b7                     0x000007         Data  Gb  vregs.o [4]
?b8                     0x000008         Data  Gb  vregs.o [4]
?b9                     0x000009         Data  Gb  vregs.o [4]
?dc32_l0                0x009452         Code  Gb  dc_util.o [4]
?dc32_l1                0x00947e         Code  Gb  dc_util.o [4]
?dec32_0x_0x            0x008db1         Code  Gb  long.o [4]
?dec32_l0_l0            0x008dac         Code  Gb  long.o [4]
?e0                     0x000001         Data  Gb  vregs.o [4]
?e1                     0x000005         Data  Gb  vregs.o [4]
?e2                     0x000009         Data  Gb  vregs.o [4]
?e3                     0x00000d         Data  Gb  vregs.o [4]
?epilogue_l2            0x008d7f         Code  Gb  vreg_util.o [4]
?epilogue_l2_l3         0x008d7b         Code  Gb  vreg_util.o [4]
?epilogue_l2_w6         0x008d84         Code  Gb  vreg_util.o [4]
?epilogue_w4            0x008d8d         Code  Gb  vreg_util.o [4]
?l0                     0x000000         Data  Gb  vregs.o [4]
?l1                     0x000004         Data  Gb  vregs.o [4]
?l2                     0x000008         Data  Gb  vregs.o [4]
?l3                     0x00000c         Data  Gb  vregs.o [4]
?load24_e1_0x           0x009ac0         Code  Gb  far_util.o [4]
?mov_e0_e2              0x008d95         Code  Gb  vreg_util.o [4]
?mov_e2_e0              0x008da2         Code  Gb  vreg_util.o [4]
?mov_l0_l2              0x008d92         Code  Gb  vreg_util.o [4]
?mov_l2_l0              0x008d9f         Code  Gb  vreg_util.o [4]
?mov_w1_w5              0x008d98         Code  Gb  vreg_util.o [4]
?mov_w5_w1              0x008da5         Code  Gb  vreg_util.o [4]
?pop_l0                 0x008d43         Code  Gb  vreg_util.o [4]
?pop_l1                 0x008d4e         Code  Gb  vreg_util.o [4]
?pop_l2                 0x008d59         Code  Gb  vreg_util.o [4]
?pop_l3                 0x008d64         Code  Gb  vreg_util.o [4]
?pop_w4                 0x008cf4         Code  Gb  vreg_util.o [4]
?pop_w6                 0x008cfb         Code  Gb  vreg_util.o [4]
?push_l0                0x008d0e         Code  Gb  vreg_util.o [4]
?push_l1                0x008d13         Code  Gb  vreg_util.o [4]
?push_l2                0x008d18         Code  Gb  vreg_util.o [4]
?push_l3                0x008d1d         Code  Gb  vreg_util.o [4]
?push_w4                0x008cd3         Code  Gb  vreg_util.o [4]
?push_w6                0x008cd8         Code  Gb  vreg_util.o [4]
?sll16_x_x_4            0x009aad         Code  Gb  short.o [4]
?sll16_x_x_5            0x009aac         Code  Gb  short.o [4]
?sll16_x_x_6            0x009aab         Code  Gb  short.o [4]
?sll16_x_x_a            0x009aa3         Code  Gb  short.o [4]
?sll8_a_a_5             0x009aeb         Code  Gb  char.o [4]
?sll8_a_a_6             0x009aea         Code  Gb  char.o [4]
?sub32_l0_l0_0x         0x008de3         Code  Gb  long.o [4]
?sub32_l0_l0_l1         0x008de0         Code  Gb  long.o [4]
?udiv32_l0_dl_l1        0x008dfb         Code  Gb  long.o [4]
?udiv32_l0_l0_dl        0x008e01         Code  Gb  long.o [4]
?udiv32_l0_l0_l1        0x008e05         Code  Gb  long.o [4]
?umod32_l1_l0_l1        0x008e05         Code  Gb  long.o [4]
?w0                     0x000000         Data  Gb  vregs.o [4]
?w1                     0x000002         Data  Gb  vregs.o [4]
?w2                     0x000004         Data  Gb  vregs.o [4]
?w3                     0x000006         Data  Gb  vregs.o [4]
?w4                     0x000008         Data  Gb  vregs.o [4]
?w5                     0x00000a         Data  Gb  vregs.o [4]
?w6                     0x00000c         Data  Gb  vregs.o [4]
?w7                     0x00000e         Data  Gb  vregs.o [4]
ADC1_Cmd                0x009776   0x30  Code  Gb  stm8s_adc1.o [1]
ADC1_ConversionConfig   0x008e72   0xc3  Code  Gb  stm8s_adc1.o [1]
ADC1_DeInit             0x009745   0x31  Code  Gb  stm8s_adc1.o [1]
ADC1_ExternalTriggerConfig
                        0x0091d5   0x5d  Code  Gb  stm8s_adc1.o [1]
ADC1_GetConversionValue
                        0x009500   0x54  Code  Gb  stm8s_adc1.o [1]
ADC1_IRQHandler         0x009b27    0x1  Code  Gb  stm8s_it.o [1]
ADC1_Init               0x0084e3  0x1a9  Code  Gb  stm8s_adc1.o [1]
ADC1_PrescalerConfig    0x0094aa   0x56  Code  Gb  stm8s_adc1.o [1]
ADC1_SchmittTriggerConfig
                        0x008923  0x109  Code  Gb  stm8s_adc1.o [1]
ADC1_StartConversion    0x009af6    0x5  Code  Gb  stm8s_adc1.o [1]
AWU_IRQHandler          0x009b1b    0x1  Code  Gb  stm8s_it.o [1]
CLK_ClockSecuritySystemEnable
                        0x009afb    0x5  Code  Gb  stm8s_clk.o [1]
CLK_DeInit              0x00970f   0x36  Code  Gb  stm8s_clk.o [1]
CLK_HSICmd              0x0097a6   0x30  Code  Gb  stm8s_clk.o [1]
CLK_HSIPrescalerConfig  0x0095ec   0x3e  Code  Gb  stm8s_clk.o [1]
CLK_IRQHandler          0x009b1c    0x1  Code  Gb  stm8s_it.o [1]
CLK_PeripheralClockConfig
                        0x008a2c   0xe9  Code  Gb  stm8s_clk.o [1]
CSTACK$$Base            0x000300          --   Gb  - Linker created -
CSTACK$$Limit           0x000400          --   Gb  - Linker created -
ChargeState             0x00002d    0x1  Data  Gb  main.o [1]
ChekcAd_flag            0x000027    0x1  Data  Gb  main.o [1]
Cycle                   0x000022    0x2  Data  Gb  tim1.o [1]
Delay_ms                0x009a94    0xf  Code  Gb  tim2.o [1]
Duty                    0x000020    0x2  Data  Gb  tim1.o [1]
EEPROM_EEC_IRQHandler   0x009b29    0x1  Code  Gb  stm8s_it.o [1]
EXTI_PORTA_IRQHandler   0x009b1d    0x1  Code  Gb  stm8s_it.o [1]
EXTI_PORTB_IRQHandler   0x009b1e    0x1  Code  Gb  stm8s_it.o [1]
EXTI_PORTC_IRQHandler   0x009b1f    0x1  Code  Gb  stm8s_it.o [1]
EXTI_PORTD_IRQHandler   0x009232   0x5d  Code  Gb  stm8s_it.o [1]
EXTI_PORTE_IRQHandler   0x009b20    0x1  Code  Gb  stm8s_it.o [1]
EXTI_SetExtIntSensitivity
                        0x008bf8   0xdb  Code  Gb  stm8s_exti.o [1]
FLASH_GetFlagStatus     0x0095a7   0x45  Code  Gb  stm8s_flash.o [1]
FLASH_Lock              0x0098f2   0x2c  Code  Gb  stm8s_flash.o [1]
FLASH_ProgramByte       0x00910d   0x64  Code  Gb  stm8s_flash.o [1]
FLASH_ReadByte          0x009346   0x5a  Code  Gb  stm8s_flash.o [1]
FLASH_Unlock            0x00962a   0x3c  Code  Gb  stm8s_flash.o [1]
FLASH_WaitForLastOperation
                        0x0096d8   0x37  Code  Gb  stm8s_flash.o [1]
FlashWriteByte          0x009666   0x3a  Code  Gb  eeprom.o [1]
GPIO_DeInit             0x009a4c   0x1b  Code  Gb  stm8s_gpio.o [1]
GPIO_Init               0x00880a  0x119  Code  Gb  stm8s_gpio.o [1]
GPIO_ReadInputData      0x009b00    0x5  Code  Gb  stm8s_gpio.o [1]
GPIO_WriteHigh          0x009ae3    0x7  Code  Gb  stm8s_gpio.o [1]
GPIO_WriteLow           0x009b05    0x4  Code  Gb  stm8s_gpio.o [1]
GetVccVal               0x0092eb   0x5b  Code  Gb  adc.o [1]
Gpio_Init               0x00928f   0x5c  Code  Gb  main.o [1]
Halt_OffDevice          0x008b15   0xe3  Code  Gb  halt.o [1]
HartwareInit            0x00994a   0x2a  Code  Gb  main.o [1]
I2C_IRQHandler          0x009b26    0x1  Code  Gb  stm8s_it.o [1]
INTVEC$$Base            0x008000          --   Gb  - Linker created -
INTVEC$$Limit           0x008080          --   Gb  - Linker created -
JumpHalt                0x0098c6   0x2c  Code  Gb  halt.o [1]
KeyDownFlag             0x000026    0x1  Data  Gb  key.o [1]
KeyScan                 0x0096a0   0x38  Code  Gb  key.o [1]
LedFlickFre             0x000010    0x2  Data  Gb  main.o [1]
LedLightTime            0x000012    0x2  Data  Gb  main.o [1]
LedState                0x000029    0x1  Data  Gb  main.o [1]
OneChannelGetADValue    0x0099c6   0x27  Code  Gb  adc.o [1]
Region$$Table$$Base     0x0082cc          --   Gb  - Linker created -
Region$$Table$$Limit    0x0082d5          --   Gb  - Linker created -
RunModeFlag             0x00002a    0x1  Data  Gb  main.o [1]
SPI_IRQHandler          0x009b21    0x1  Code  Gb  stm8s_it.o [1]
TIM1_ARRPreloadConfig   0x009836   0x30  Code  Gb  stm8s_tim1.o [1]
TIM1_CAP_COM_IRQHandler
                        0x009b22    0x1  Code  Gb  stm8s_it.o [1]
TIM1_ClearITPendingBit  0x0099ed   0x23  Code  Gb  stm8s_tim1.o [1]
TIM1_Cmd                0x0097d6   0x30  Code  Gb  stm8s_tim1.o [1]
TIM1_CtrlPWMOutputs     0x009806   0x30  Code  Gb  stm8s_tim1.o [1]
TIM1_DeInit             0x009074   0x99  Code  Gb  stm8s_tim1.o [1]
TIM1_ITConfig           0x009554   0x53  Code  Gb  stm8s_tim1.o [1]
TIM1_SetCounter         0x009ada    0x9  Code  Gb  stm8s_tim1.o [1]
TIM1_TimeBaseInit       0x009171   0x64  Code  Gb  stm8s_tim1.o [1]
TIM1_UPD_OVF_TRG_BRK_IRQHandler
                        0x008f35   0xa2  Code  Gb  stm8s_it.o [1]
TIM2_ARRPreloadConfig   0x009896   0x30  Code  Gb  stm8s_tim2.o [1]
TIM2_CAP_COM_IRQHandler
                        0x009b23    0x1  Code  Gb  stm8s_it.o [1]
TIM2_ClearITPendingBit  0x009974   0x29  Code  Gb  stm8s_tim2.o [1]
TIM2_Cmd                0x009866   0x30  Code  Gb  stm8s_tim2.o [1]
TIM2_DeInit             0x0093a0   0x59  Code  Gb  stm8s_tim2.o [1]
TIM2_ITConfig           0x0093f9   0x59  Code  Gb  stm8s_tim2.o [1]
TIM2_PrescalerConfig    0x008fd7   0x9d  Code  Gb  stm8s_tim2.o [1]
TIM2_TimeBaseInit       0x009ace    0xc  Code  Gb  stm8s_tim2.o [1]
TIM2_UPD_OVF_BRK_IRQHandler
                        0x0082d5  0x20e  Code  Gb  stm8s_it.o [1]
TIM4_UPD_OVF_IRQHandler
                        0x009b28    0x1  Code  Gb  stm8s_it.o [1]
TLI_IRQHandler          0x009b1a    0x1  Code  Gb  stm8s_it.o [1]
TRAP_IRQHandler         0x009b19    0x1  Code  Gb  stm8s_it.o [1]
Tim1_Init               0x00991e   0x2c  Code  Gb  tim1.o [1]
Tim2_Init               0x00999d   0x29  Code  Gb  tim2.o [1]
TimingDelay             0x000024    0x2  Data  Lc  tim2.o [1]
TimingDelay_Decrement   0x009ab2    0xe  Code  Gb  tim2.o [1]
UART1_RX_IRQHandler     0x009b25    0x1  Code  Gb  stm8s_it.o [1]
UART1_TX_IRQHandler     0x009b24    0x1  Code  Gb  stm8s_it.o [1]
WaitKeyDownFlag         0x00002f    0x1  Data  Gb  main.o [1]
WaitKeyDwonTime         0x00002e    0x1  Data  Gb  main.o [1]
WorkMode                0x000028    0x1  Data  Gb  main.o [1]
WorkOver_Flag           0x00002c    0x1  Data  Gb  main.o [1]
WorkStart_Flag          0x00002b    0x1  Data  Gb  main.o [1]
__DebugBreak            0x009b2a    0x1  Code  Gb  __dbg_break.o [3]
__exit                  0x009a7e   0x16  Code  Gb  __dbg_xxexit.o [3]
__iar_data_init2        0x009a10   0x1e  Code  Gb  init.o [4]
__iar_program_start     0x009a67         Code  Gb  cstartup.o [4]
__iar_unhandled_exception
                        0x009b14         Code  Gb  unhandled_exception.o [4]
__iar_zero_init2        0x009a2e         Code  Gb  init_small.o [4]
__intvec                0x008000         Data  Gb  interrupt.o [4]
__low_level_init        0x009b11    0x3  Code  Gb  low_level_init.o [4]
_exit                   0x009af0         Code  Gb  cexit.o [4]
_interrupt_1            0x009b19         Code  Gb  stm8s_it.o [1]
_interrupt_12           0x009b21         Code  Gb  stm8s_it.o [1]
_interrupt_13           0x008f35         Code  Gb  stm8s_it.o [1]
_interrupt_14           0x009b22         Code  Gb  stm8s_it.o [1]
_interrupt_15           0x0082d5         Code  Gb  stm8s_it.o [1]
_interrupt_16           0x009b23         Code  Gb  stm8s_it.o [1]
_interrupt_19           0x009b24         Code  Gb  stm8s_it.o [1]
_interrupt_2            0x009b1a         Code  Gb  stm8s_it.o [1]
_interrupt_20           0x009b25         Code  Gb  stm8s_it.o [1]
_interrupt_21           0x009b26         Code  Gb  stm8s_it.o [1]
_interrupt_24           0x009b27         Code  Gb  stm8s_it.o [1]
_interrupt_25           0x009b28         Code  Gb  stm8s_it.o [1]
_interrupt_26           0x009b29         Code  Gb  stm8s_it.o [1]
_interrupt_3            0x009b1b         Code  Gb  stm8s_it.o [1]
_interrupt_4            0x009b1c         Code  Gb  stm8s_it.o [1]
_interrupt_5            0x009b1d         Code  Gb  stm8s_it.o [1]
_interrupt_6            0x009b1e         Code  Gb  stm8s_it.o [1]
_interrupt_7            0x009b1f         Code  Gb  stm8s_it.o [1]
_interrupt_8            0x009232         Code  Gb  stm8s_it.o [1]
_interrupt_9            0x009b20         Code  Gb  stm8s_it.o [1]
assert_failed           0x009b17    0x2  Code  Gb  main.o [1]
exit                    0x009b0d    0x4  Code  Gb  exit.o [4]
main                    0x00868c  0x17e  Code  Gb  main.o [1]


[1] = D:\doingPrj\toothbrush\sorftware\toothbrush\Debug\Obj
[2] = command line
[3] = dbgstm8mmd.a
[4] = dlstm8mmn.a

  6 230 bytes of readonly  code memory
    725 bytes of readonly  data memory
    312 bytes of readwrite data memory

Errors: none
Warnings: none
